\BOOKMARK [1][-]{section*.2}{\376\377\000=\000L\000I\000S\000T\000\040\000O\000F\000\040\000F\000I\000G\000U\000R\000E\000S}{}% 1
\BOOKMARK [1][-]{section.1}{\376\377\0001\000.\000\040\000I\000n\000t\000r\000o\000d\000u\000c\000t\000i\000o\000n}{}% 2
\BOOKMARK [2][-]{subsection.1.1}{\376\377\0001\000.\0001\000.\000\040\000T\000h\000e\000\040\000T\000h\000e\000o\000r\000e\000m}{section.1}% 3
\BOOKMARK [1][-]{section.2}{\376\377\0002\000.\000\040\000P\000r\000o\000o\000f\000\040\0001\000:\000\040\000T\000r\000i\000g\000o\000n\000o\000m\000e\000t\000r\000y}{}% 4
\BOOKMARK [2][-]{subsection.2.1}{\376\377\0002\000.\0001\000.\000\040\000S\000e\000t\000t\000i\000n\000g\000\040\000u\000p\000\040\000t\000h\000e\000\040\000G\000e\000o\000m\000e\000t\000r\000y}{section.2}% 5
\BOOKMARK [2][-]{subsection.2.2}{\376\377\0002\000.\0002\000.\000\040\000C\000o\000m\000p\000u\000t\000i\000n\000g\000\040\000I\000n\000t\000e\000r\000m\000e\000d\000i\000a\000r\000y\000\040\000S\000i\000d\000e\000s}{section.2}% 6
\BOOKMARK [2][-]{subsection.2.3}{\376\377\0002\000.\0003\000.\000\040\000E\000v\000a\000l\000u\000a\000t\000i\000n\000g\000\040\000t\000h\000e\000\040\000M\000o\000r\000l\000e\000y\000\040\000T\000r\000i\000a\000n\000g\000l\000e}{section.2}% 7
\BOOKMARK [1][-]{section.3}{\376\377\0003\000.\000\040\000P\000r\000o\000o\000f\000\040\0002\000:\000\040\000C\000o\000m\000p\000l\000e\000x\000\040\000N\000u\000m\000b\000e\000r\000s}{}% 8
\BOOKMARK [2][-]{subsection.3.1}{\376\377\0003\000.\0001\000.\000\040\000E\000m\000b\000e\000d\000d\000i\000n\000g\000\040\000i\000n\000\040\000t\000h\000e\000\040\000U\000n\000i\000t\000\040\000C\000i\000r\000c\000l\000e}{section.3}% 9
\BOOKMARK [2][-]{subsection.3.2}{\376\377\0003\000.\0002\000.\000\040\000C\000h\000o\000r\000d\000\040\000I\000n\000t\000e\000r\000s\000e\000c\000t\000i\000o\000n\000s}{section.3}% 10
\BOOKMARK [1][-]{section.4}{\376\377\0004\000.\000\040\000P\000r\000o\000o\000f\000\040\0003\000:\000\040\000S\000y\000n\000t\000h\000e\000t\000i\000c\000\040\000P\000r\000o\000o\000f}{}% 11
\BOOKMARK [2][-]{subsection.4.1}{\376\377\0004\000.\0001\000.\000\040\000D\000e\000f\000i\000n\000i\000n\000g\000\040\000t\000h\000e\000\040\000S\000e\000v\000e\000n\000\040\000P\000i\000e\000c\000e\000s}{section.4}% 12
\BOOKMARK [2][-]{subsection.4.2}{\376\377\0004\000.\0002\000.\000\040\000S\000i\000z\000i\000n\000g\000\040\000t\000h\000e\000\040\000S\000p\000o\000k\000e\000\040\000T\000r\000i\000a\000n\000g\000l\000e\000s}{section.4}% 13
\BOOKMARK [2][-]{subsection.4.3}{\376\377\0004\000.\0003\000.\000\040\000A\000s\000s\000e\000m\000b\000l\000i\000n\000g\000\040\000t\000h\000e\000\040\000M\000a\000s\000t\000e\000r\000\040\000T\000r\000i\000a\000n\000g\000l\000e}{section.4}% 14
\BOOKMARK [1][-]{section.5}{\376\377\0005\000.\000\040\000P\000r\000o\000o\000f\000\040\0004\000:\000\040\000G\000r\000o\000u\000p\000\040\000T\000h\000e\000o\000r\000y\000\040\000P\000r\000o\000o\000f}{}% 15
\BOOKMARK [2][-]{subsection.5.1}{\376\377\0005\000.\0001\000.\000\040\000T\000h\000e\000\040\000A\000f\000f\000i\000n\000e\000\040\000F\000r\000a\000m\000e\000w\000o\000r\000k}{section.5}% 16
\BOOKMARK [2][-]{subsection.5.2}{\376\377\0005\000.\0002\000.\000\040\000E\000n\000c\000o\000d\000i\000n\000g\000\040\000t\000h\000e\000\040\000I\000n\000t\000e\000r\000s\000e\000c\000t\000i\000o\000n\000s}{section.5}% 17
\BOOKMARK [2][-]{subsection.5.3}{\376\377\0005\000.\0003\000.\000\040\000T\000h\000e\000\040\000E\000q\000u\000i\000l\000a\000t\000e\000r\000a\000l\000\040\000E\000x\000t\000r\000a\000c\000t\000i\000o\000n}{section.5}% 18
\BOOKMARK [1][-]{section.6}{\376\377\0006\000.\000\040\000P\000r\000o\000o\000f\000\040\0005\000:\000\040\000C\000i\000r\000c\000l\000e\000\040\000G\000e\000o\000m\000e\000t\000r\000y}{}% 19
\BOOKMARK [2][-]{subsection.6.1}{\376\377\0006\000.\0001\000.\000\040\000C\000o\000n\000s\000t\000r\000u\000c\000t\000i\000o\000n}{section.6}% 20
\BOOKMARK [2][-]{subsection.6.2}{\376\377\0006\000.\0002\000.\000\040\000A\000n\000g\000l\000e\000\040\000C\000h\000a\000s\000e}{section.6}% 21
\BOOKMARK [1][-]{section.7}{\376\377\0007\000.\000\040\000B\000e\000y\000o\000n\000d\000\040\000t\000h\000e\000\040\000P\000r\000o\000o\000f\000s}{}% 22
\BOOKMARK [2][-]{subsection.7.1}{\376\377\0007\000.\0001\000.\000\040\000C\000a\000r\000d\000i\000o\000i\000d\000s\000\040\000a\000n\000d\000\040\000I\000n\000v\000e\000r\000s\000i\000v\000e\000\040\000G\000e\000o\000m\000e\000t\000r\000y}{section.7}% 23
\BOOKMARK [2][-]{subsection.7.2}{\376\377\0007\000.\0002\000.\000\040\000H\000o\000l\000o\000n\000o\000m\000y}{section.7}% 24
\BOOKMARK [1][-]{section*.3}{\376\377\000R\000e\000f\000e\000r\000e\000n\000c\000e\000s}{}% 25
\BOOKMARK [1][-]{appendix.A}{\376\377\000A\000p\000p\000e\000n\000d\000i\000x\000\040\000A\000.\000\040\000M\000A\000T\000L\000A\000B\000\040\000S\000o\000u\000r\000c\000e\000\040\000C\000o\000d\000e\000\040\000f\000o\000r\000\040\000F\000i\000g\000u\000r\000e\000s}{}% 26
\BOOKMARK [1][-]{appendix.B}{\376\377\000A\000p\000p\000e\000n\000d\000i\000x\000\040\000B\000.\000\040\000T\000i\000k\000Z\000\040\000S\000o\000u\000r\000c\000e\000\040\000C\000o\000d\000e\000\040\000f\000o\000r\000\040\000D\000i\000a\000g\000r\000a\000m\000s}{}% 27
\BOOKMARK [2][-]{lstlisting.2}{\376\377\000B\000.\0001\000.\000\040\000T\000r\000i\000g\000o\000n\000o\000m\000e\000t\000r\000y\000\040\000P\000r\000o\000o\000f\000\040\000D\000i\000a\000g\000r\000a\000m}{appendix.B}% 28
\BOOKMARK [2][-]{lstlisting.3}{\376\377\000B\000.\0002\000.\000\040\000S\000p\000o\000k\000e\000\040\000T\000r\000i\000a\000n\000g\000l\000e\000\040\000D\000i\000a\000g\000r\000a\000m}{appendix.B}% 29
